// Jest Snapshot v1, https://goo.gl/fbAQLP

exports[`NotFound component matches snapshot 1`] = `
<DocumentFragment>
  <div
    class="MuiContainer-root makeStyles-root-1 MuiContainer-fixed MuiContainer-maxWidthLg"
  >
    <h5
      class="MuiTypography-root MuiTypography-h5 MuiTypography-gutterBottom"
      data-testid="title"
    >
      Page not found
    </h5>
  </div>
</DocumentFragment>
`;
